Setting source port but protocol is not udp nor tcp
Failed parsing input
