iptables -A INPUT -p 47 -j DROP
iptables -A INPUT -p udp -j ACCEPT
iptables -A INPUT -p tcp -j ACCEPT
