iptables -A INPUT -i eth0 --src 1.2.3.4 -j ACCEPT
iptables -A INPUT -i eth1 -j ACCEPT
iptables -A INPUT -i eth0 --src 1.2.3.5 -j ACCEPT
