iptables -N chain_1
iptables -A chain_1 -i eth0 -j ACCEPT
iptables -A chain_1 -i eth1 -j ACCEPT
iptables -A INPUT --match state --state ESTABLISHED,RELATED -j chain_1
